// Jest Snapshot v1, https://goo.gl/fbAQLP

exports[`resetMeeting resets the meeting state back to the lobby after the meeting ended 1`] = `
Object {
  "agendaItem": Array [
    Object {
      "content": "{\\"entityMap\\":{},\\"blocks\\":[{\\"key\\":0,\\"text\\":\\"Test Agenda Item[2]\\",\\"type\\":\\"unstyled\\",\\"depth\\":0,\\"inlineStyleRanges\\":[],\\"entityRanges\\":[],\\"data\\":{}}]}",
      "createdAt": 2017-01-01T06:59:59.997Z,
      "createdBy": 3,
      "id": 0,
      "isActive": false,
      "isComplete": true,
      "sortOrder": 2,
      "teamId": 6,
      "teamMemberId": 7,
      "updatedAt": 2017-01-01T06:59:59.998Z,
    },
    Object {
      "content": "{\\"entityMap\\":{},\\"blocks\\":[{\\"key\\":0,\\"text\\":\\"Test Agenda Item[1]\\",\\"type\\":\\"unstyled\\",\\"depth\\":0,\\"inlineStyleRanges\\":[],\\"entityRanges\\":[],\\"data\\":{}}]}",
      "createdAt": 2017-01-01T06:59:59.998Z,
      "createdBy": 4,
      "id": 1,
      "isActive": false,
      "isComplete": true,
      "sortOrder": 1,
      "teamId": 6,
      "teamMemberId": 8,
      "updatedAt": 2017-01-01T06:59:59.999Z,
    },
    Object {
      "content": "{\\"entityMap\\":{},\\"blocks\\":[{\\"key\\":0,\\"text\\":\\"Test Agenda Item[0]\\",\\"type\\":\\"unstyled\\",\\"depth\\":0,\\"inlineStyleRanges\\":[],\\"entityRanges\\":[],\\"data\\":{}}]}",
      "createdAt": 2017-01-01T06:59:59.999Z,
      "createdBy": 5,
      "id": 2,
      "isActive": false,
      "isComplete": true,
      "sortOrder": 0,
      "teamId": 6,
      "teamMemberId": 9,
      "updatedAt": 2017-01-01T07:00:00.000Z,
    },
  ],
  "project": Array [
    Object {
      "agendaId": 2,
      "content": "{\\"entityMap\\":{},\\"blocks\\":[{\\"key\\":0,\\"text\\":\\"Test Project[0]\\",\\"type\\":\\"unstyled\\",\\"depth\\":0,\\"inlineStyleRanges\\":[],\\"entityRanges\\":[],\\"data\\":{}}]}",
      "createdAt": 2017-01-01T06:59:59.999Z,
      "createdBy": 5,
      "id": 10,
      "status": "active",
      "tags": Array [
        "private",
      ],
      "teamId": 6,
      "teamMemberId": 9,
      "updatedAt": 2017-01-01T07:00:00.000Z,
      "userId": 5,
    },
    Object {
      "agendaId": 1,
      "content": "{\\"entityMap\\":{},\\"blocks\\":[{\\"key\\":0,\\"text\\":\\"Test Project[1]\\",\\"type\\":\\"unstyled\\",\\"depth\\":0,\\"inlineStyleRanges\\":[],\\"entityRanges\\":[],\\"data\\":{}}]}",
      "createdAt": 2017-01-01T06:59:59.998Z,
      "createdBy": 4,
      "id": 11,
      "status": "active",
      "tags": Array [],
      "teamId": 6,
      "teamMemberId": 8,
      "updatedAt": 2017-01-01T06:59:59.999Z,
      "userId": 4,
    },
    Object {
      "agendaId": 0,
      "content": "{\\"entityMap\\":{},\\"blocks\\":[{\\"key\\":0,\\"text\\":\\"Test Project[2]\\",\\"type\\":\\"unstyled\\",\\"depth\\":0,\\"inlineStyleRanges\\":[],\\"entityRanges\\":[],\\"data\\":{}}]}",
      "createdAt": 2017-01-01T06:59:59.997Z,
      "createdBy": 3,
      "id": 12,
      "status": "active",
      "tags": Array [
        "private",
      ],
      "teamId": 6,
      "teamMemberId": 7,
      "updatedAt": 2017-01-01T06:59:59.998Z,
      "userId": 3,
    },
    Object {
      "agendaId": 0,
      "content": "{\\"entityMap\\":{},\\"blocks\\":[{\\"key\\":0,\\"text\\":\\"Test Project[3]\\",\\"type\\":\\"unstyled\\",\\"depth\\":0,\\"inlineStyleRanges\\":[],\\"entityRanges\\":[],\\"data\\":{}}]}",
      "createdAt": 2017-01-01T06:59:59.996Z,
      "createdBy": 3,
      "id": 13,
      "status": "active",
      "tags": Array [],
      "teamId": 6,
      "teamMemberId": 7,
      "updatedAt": 2017-01-01T06:59:59.997Z,
      "userId": 3,
    },
  ],
  "team": Object {
    "activeFacilitator": null,
    "checkInGreeting": Object {
      "content": "Shalom",
      "language": "Hebrew",
    },
    "checkInQuestion": "{\\"entityMap\\":{},\\"blocks\\":[{\\"key\\":0,\\"text\\":\\"What’s something you’ve learned recently?\\",\\"type\\":\\"unstyled\\",\\"depth\\":0,\\"inlineStyleRanges\\":[],\\"entityRanges\\":[],\\"data\\":{}}]}",
    "facilitatorPhase": "lobby",
    "facilitatorPhaseItem": null,
    "id": 6,
    "isArchived": false,
    "isPaid": true,
    "meetingId": null,
    "meetingPhase": "lobby",
    "meetingPhaseItem": null,
    "name": "Team America",
    "orgId": 14,
    "tier": "personal",
  },
  "teamMember": Array [
    Object {
      "checkInOrder": 20,
      "email": "natasha.romanova@avengers.org",
      "id": 15,
      "isCheckedIn": null,
      "isFacilitator": false,
      "isLead": false,
      "isNotRemoved": true,
      "picture": "https://placeimg.com/100/100/animals",
      "preferredName": "Black Widow",
      "teamId": 6,
      "userId": 28,
    },
    Object {
      "checkInOrder": 21,
      "email": "steve.rogers@avengers.org",
      "id": 16,
      "isCheckedIn": null,
      "isFacilitator": false,
      "isLead": true,
      "isNotRemoved": true,
      "picture": "https://placeimg.com/100/100/animals",
      "preferredName": "Captain America",
      "teamId": 6,
      "userId": 29,
    },
    Object {
      "checkInOrder": 22,
      "email": "bruce.banner@avengers.org",
      "id": 17,
      "isCheckedIn": null,
      "isFacilitator": false,
      "isLead": false,
      "isNotRemoved": true,
      "picture": "https://placeimg.com/100/100/animals",
      "preferredName": "Hulk",
      "teamId": 6,
      "userId": 30,
    },
    Object {
      "checkInOrder": 23,
      "email": "tony.stark@avengers.org",
      "id": 18,
      "isCheckedIn": null,
      "isFacilitator": false,
      "isLead": false,
      "isNotRemoved": true,
      "picture": "https://placeimg.com/100/100/animals",
      "preferredName": "Iron Man",
      "teamId": 6,
      "userId": 31,
    },
    Object {
      "checkInOrder": 24,
      "email": "kyle.richmond@avengers.org",
      "id": 19,
      "isCheckedIn": null,
      "isFacilitator": false,
      "isLead": false,
      "isNotRemoved": true,
      "picture": "https://placeimg.com/100/100/animals",
      "preferredName": "Nighthawk",
      "teamId": 6,
      "userId": 32,
    },
    Object {
      "checkInOrder": 25,
      "email": "thor@avengers.org",
      "id": 9,
      "isCheckedIn": null,
      "isFacilitator": false,
      "isLead": false,
      "isNotRemoved": true,
      "picture": "https://placeimg.com/100/100/animals",
      "preferredName": "Thor",
      "teamId": 6,
      "userId": 5,
    },
    Object {
      "checkInOrder": 26,
      "email": "vision@avengers.org",
      "id": 8,
      "isCheckedIn": null,
      "isFacilitator": false,
      "isLead": false,
      "isNotRemoved": true,
      "picture": "https://placeimg.com/100/100/animals",
      "preferredName": "Vision",
      "teamId": 6,
      "userId": 4,
    },
    Object {
      "checkInOrder": 27,
      "email": "james.rhodes@avengers.org",
      "id": 7,
      "isCheckedIn": null,
      "isFacilitator": false,
      "isLead": false,
      "isNotRemoved": true,
      "picture": "https://placeimg.com/100/100/animals",
      "preferredName": "War Machine",
      "teamId": 6,
      "userId": 3,
    },
  ],
}
`;
